Checking: batabano
MemTotal:       16310532 kB
Checking: becker
MemTotal:       16310532 kB
Checking: capriati
MemTotal:       16310532 kB
Checking: croft
MemTotal:       16310532 kB
Checking: cutlers
MemTotal:       16310532 kB
Checking: edberg
MemTotal:       16310532 kB
Checking: graf
MemTotal:       16310532 kB
Checking: ivanisevic
MemTotal:       16310532 kB
Checking: jingxi
MemTotal:       16310532 kB
Checking: lloyd
MemTotal:       16310532 kB
Checking: martinmillers
MemTotal:       16310532 kB
Checking: mcnamara
MemTotal:       16310532 kB
Checking: monfils
MemTotal:       16310532 kB
Checking: navratilova
MemTotal:       16310532 kB
Checking: novotna
MemTotal:       16310532 kB
Checking: stove
MemTotal:       16310532 kB
Checking: tanner
MemTotal:       16310532 kB
Checking: wade
MemTotal:       16310532 kB
Checking: wawrinka
MemTotal:       16310532 kB
Checking: wilander
MemTotal:       16310532 kB
Checking: agrigento
Checking: concordia
Checking: fiesole
Checking: firenze
Checking: messina
Checking: pavia
Checking: savona
Checking: wigton
Checking: hawkins
Checking: ashe
MemTotal:       16310532 kB
Checking: bartek
MemTotal:       16310532 kB
Checking: calluna
MemTotal:       16310532 kB
Checking: casals
MemTotal:       16310532 kB
Checking: cilic
MemTotal:       16310532 kB
Checking: courier
MemTotal:       16310532 kB
Checking: davenport
MemTotal:       16310532 kB
Checking: durie
MemTotal:       16310532 kB
Checking: evenson
MemTotal:       16310532 kB
Checking: evert
MemTotal:       16310532 kB
Checking: ferrer
MemTotal:       16310532 kB
Checking: goolagong
MemTotal:       16310532 kB
Checking: hewitt
MemTotal:       16310532 kB
Checking: jacobsen
MemTotal:       16310532 kB
Checking: janda
MemTotal:       16310532 kB
Checking: koch
MemTotal:       16310532 kB
Checking: kournikova
MemTotal:       16310532 kB
Checking: kuttel
MemTotal:       16310532 kB
Checking: leconte
MemTotal:       16310532 kB
Checking: lendl
MemTotal:       16310532 kB
Checking: mauresmo
MemTotal:       16310532 kB
Checking: mcenroe
MemTotal:       16310532 kB
Checking: mottram
MemTotal:       16310532 kB
Checking: nastase
MemTotal:       16310532 kB
Checking: neumayer
MemTotal:       16310532 kB
Checking: newcombe
MemTotal:       16310532 kB
Checking: petterson
MemTotal:       16310532 kB
Checking: pierce
MemTotal:       16310532 kB
Checking: raonic
MemTotal:       16310532 kB
Checking: roddick
MemTotal:       16310532 kB
Checking: romoren
MemTotal:       16310532 kB
Checking: rudedski
MemTotal:       16310532 kB
Checking: sampras
MemTotal:       16310532 kB
Checking: schmitt
MemTotal:       16310532 kB
Checking: seles
MemTotal:       16310532 kB
Checking: sharapova
MemTotal:       16310532 kB
Checking: shriver
MemTotal:       16310532 kB
Checking: stepanek
MemTotal:       16310532 kB
Checking: uhrmann
MemTotal:       16310532 kB
Checking: utrecht
MemTotal:       16310532 kB
Checking: danson
Checking: hester
Checking: richardson
Checking: twigg
Checking: abbas
Checking: chand
Checking: charlesworth
Checking: henman
MemTotal:       16310532 kB
Checking: kruize
Checking: lowick
Checking: parrot
Checking: raven
Checking: dwyer
Checking: kavanagh
Checking: lodi
Checking: palermo
MemTotal:        8085256 kB
Checking: palestrina
Checking: ravenna
Checking: sardar
Checking: volterra
Checking: brindisi
Checking: connors
MemTotal:       16310532 kB
Checking: hexham
Checking: mitford
Checking: murano
MemTotal:        8085256 kB
Checking: penguin
Checking: smear
MemTotal:        8079932 kB
Checking: stork
MemTotal:        8047772 kB
Checking: djokovic
MemTotal:        8079944 kB
Checking: matamata
MemTotal:        8060628 kB
Checking: pipit
Checking: barrow
MemTotal:        8047772 kB
Checking: bloom
MemTotal:       16310532 kB
Checking: cagliari
MemTotal:        8085256 kB
Checking: caldbeck
MemTotal:        8047772 kB
Checking: camperdown
MemTotal:        8047772 kB
Checking: caorunn
MemTotal:       16310532 kB
Checking: catania
MemTotal:        8085256 kB
Checking: cesena
MemTotal:        8085256 kB
Checking: chieri
MemTotal:        8085256 kB
Checking: como
MemTotal:        8085256 kB
Checking: cremona
MemTotal:        8085256 kB
Checking: duddo
MemTotal:        8047772 kB
Checking: haymans
MemTotal:       16310532 kB
Checking: hazlerigg
MemTotal:        8047772 kB
Checking: hendricks
MemTotal:       16310532 kB
Checking: herbie
MemTotal:       16310532 kB
Checking: ingleton
MemTotal:        8047772 kB
Checking: leyburn
MemTotal:        8047772 kB
Checking: lindale
MemTotal:        8047772 kB
Checking: maryport
MemTotal:        8047772 kB
Checking: opihr
MemTotal:       16310532 kB
Checking: parlour
MemTotal:       16310532 kB
Checking: powburn
MemTotal:        8047772 kB
Checking: rothbury
MemTotal:        8047772 kB
Checking: salterbeck
MemTotal:        8047772 kB
Checking: scafell
MemTotal:        8047772 kB
Checking: seaton
MemTotal:        8047772 kB
Checking: sipsmith
MemTotal:       16310532 kB
Checking: tanqueray
MemTotal:       16310532 kB
Checking: tatko
MemTotal:        8047772 kB
Checking: teramo
MemTotal:        8085256 kB
Checking: thropton
MemTotal:        8047772 kB
Checking: tortona
MemTotal:        8085256 kB
Checking: ulverston
MemTotal:        8047772 kB
Checking: vuicho
MemTotal:        8047772 kB
Checking: whinlatter
MemTotal:        8047772 kB
Checking: baycliff
Checking: cockermouth
Checking: cockermouth
Checking: colton
Checking: hawkes
Checking: luni
Checking: mcnamee
MemTotal:       16310532 kB
Checking: velletri
Checking: vicenza
Checking: avellino
Checking: donners
Checking: hinch
Checking: mantua
Checking: napoli
Checking: nooijer
Checking: ostiglia
Checking: pillay
MemTotal:        8079932 kB
Checking: kingbird
MemTotal:       16310532 kB
Checking: mariner
MemTotal:       16310532 kB
Checking: marlin
MemTotal:       16310532 kB
Checking: mercator
MemTotal:       16310532 kB
Checking: norseman
MemTotal:       16310532 kB
Checking: privateer
MemTotal:       16310532 kB
Checking: prowler
MemTotal:       16310532 kB
Checking: samaritan
MemTotal:       16310532 kB
Checking: saracen
MemTotal:       16310532 kB
Checking: seadart
MemTotal:       16310532 kB
Checking: seamaster
MemTotal:       16310532 kB
Checking: skyhawk
MemTotal:       16310532 kB
Checking: skyknight
MemTotal:       16310532 kB
Checking: skyraider
MemTotal:       16310532 kB
Checking: skyray
MemTotal:       16310532 kB
Checking: skywarrior
MemTotal:       16310532 kB
Checking: sparrowhawk
MemTotal:       16310532 kB
Checking: stearman
MemTotal:       16310532 kB
Checking: stinson
MemTotal:       16310532 kB
Checking: tarpon
MemTotal:       16310532 kB
Checking: texan
MemTotal:       16310532 kB
Checking: tigercat
MemTotal:       16310532 kB
Checking: tomcat
MemTotal:       16310532 kB
Checking: tracer
MemTotal:       16310532 kB
Checking: trader
MemTotal:       16310532 kB
Checking: tradewind
MemTotal:       16310532 kB
Checking: vigilante
MemTotal:       16310532 kB
Checking: vindicator
MemTotal:       16310532 kB
Checking: ahonen
MemTotal:       16310532 kB
Checking: altino
Checking: amelia
MemTotal:        8085256 kB
Checking: ammann
MemTotal:       16310532 kB
Checking: assisi
Checking: bardal
MemTotal:       16310532 kB
Checking: belluno
MemTotal:        8085256 kB
Checking: bolzano
Checking: colloredo
MemTotal:       16310532 kB
Checking: cuche
MemTotal:       16310532 kB
Checking: defago
MemTotal:       16310532 kB
Checking: dorfmeister
MemTotal:       16310532 kB
Checking: enna
MemTotal:        8085256 kB
Checking: fermo
Checking: fettner
MemTotal:       16310532 kB
Checking: freund
MemTotal:       16310532 kB
Checking: goldberger
MemTotal:       16310532 kB
Checking: grohl
Checking: hautamaki
MemTotal:       16310532 kB
Checking: hilde
MemTotal:       16310532 kB
Checking: hirsher
MemTotal:       16310532 kB
Checking: hlava
MemTotal:       16310532 kB
Checking: hula
MemTotal:       16310532 kB
Checking: kasai
MemTotal:       16310532 kB
Checking: kjus
MemTotal:       16310532 kB
Checking: klammer
MemTotal:       16310532 kB
Checking: kofler
MemTotal:       16310532 kB
Checking: kornilov
MemTotal:       16310532 kB
Checking: kostelic
MemTotal:       16310532 kB
Checking: koudelka
MemTotal:       16310532 kB
Checking: kranjec
MemTotal:       16310532 kB
Checking: lavello
Checking: ligety
MemTotal:       16310532 kB
Checking: lindstrom
MemTotal:       16310532 kB
Checking: loitzl
MemTotal:       16310532 kB
Checking: malysz
MemTotal:       16310532 kB
Checking: mattel
MemTotal:       16310532 kB
Checking: matura
MemTotal:       16310532 kB
Checking: morgenstern
MemTotal:       16310532 kB
Checking: okabe
MemTotal:       16310532 kB
Checking: olli
MemTotal:       16310532 kB
Checking: peterka
MemTotal:       16310532 kB
Checking: pollenzo
MemTotal:        8085256 kB
Checking: prevc
MemTotal:       16310532 kB
Checking: ryding
MemTotal:       16310532 kB
Checking: stoch
MemTotal:       16310532 kB
Checking: stolz
MemTotal:       16310532 kB
Checking: tolo
MemTotal:       16310532 kB
Checking: vassiliev
MemTotal:       16310532 kB
Checking: vogt
MemTotal:       16310532 kB
Checking: vonn
MemTotal:       16310532 kB
Checking: watase
MemTotal:       16310532 kB
Checking: aspatria
Checking: backbarrow
MemTotal:        8047772 kB
Checking: bowness
Checking: brigham
Checking: coniston
Checking: hawk
Checking: hawkshead
Checking: lesbury
Checking: allanton
Checking: capri
Checking: cleopatra
Checking: norham
Checking: parma
Checking: pescara
Checking: shiflett
Checking: windermere
Checking: ambleside
MemTotal:        8047772 kB
Checking: beefeater
MemTotal:       16310532 kB
Checking: brescia
Checking: dinnington
Checking: genoa
Checking: schiedam
MemTotal:       16310532 kB
Checking: sedbergh
Checking: shibottle
Checking: airabonita
MemTotal:       16310532 kB
Checking: banshee
MemTotal:       16310532 kB
Checking: bearcat
MemTotal:       16310532 kB
Checking: bellanca
MemTotal:       16310532 kB
Checking: brewster
MemTotal:       16310532 kB
Checking: buckeye
MemTotal:       16310532 kB
Checking: canso
MemTotal:       16310532 kB
Checking: cougar
MemTotal:       16310532 kB
Checking: crusader
MemTotal:       16310532 kB
Checking: cutlass
MemTotal:       16310532 kB
Checking: darkshark
MemTotal:       16310532 kB
Checking: duck
MemTotal:       16310532 kB
Checking: greyhound
MemTotal:       16310532 kB
Checking: guardian
MemTotal:       16310532 kB
Checking: harpoon
MemTotal:       16310532 kB
Checking: hawkeye
MemTotal:       16310532 kB
Checking: hellcat
MemTotal:       16310532 kB
Checking: helldiver
MemTotal:       16310532 kB
Checking: intruder
MemTotal:       16310532 kB
Checking: kaydet
MemTotal:       16310532 kB
Checking: adorni
MemTotal:       16310532 kB
Checking: aimar
MemTotal:       16310532 kB
Checking: altig
MemTotal:       16310532 kB
Checking: amritraj
MemTotal:       16310532 kB
Checking: anquetil
MemTotal:       16310532 kB
Checking: armstrong
MemTotal:       16310532 kB
Checking: bahamontes
MemTotal:       16310532 kB
Checking: baldini
MemTotal:       16310532 kB
Checking: balmamion
MemTotal:       16310532 kB
Checking: bartali
MemTotal:       16310532 kB
Checking: basso
MemTotal:       16310532 kB
Checking: battaglin
MemTotal:       16310532 kB
Checking: belloni
MemTotal:       16310532 kB
Checking: bergamaschi
MemTotal:       16310532 kB
Checking: berrendero
MemTotal:       16310532 kB
Checking: bertoglio
MemTotal:       16310532 kB
Checking: berzin
MemTotal:       16310532 kB
Checking: bigglesvb3
MemTotal:        2048428 kB
Checking: binda
MemTotal:       16310532 kB
Checking: bobet
MemTotal:       16310532 kB
Checking: bondarenko
MemTotal:       16310532 kB
Checking: bottechia
MemTotal:       16310532 kB
Checking: bracke
MemTotal:       16310532 kB
Checking: brunero
MemTotal:       16310532 kB
Checking: bugno
MemTotal:       16310532 kB
Checking: buysse
MemTotal:       16310532 kB
Checking: calzolari
MemTotal:       16310532 kB
Checking: camusso
MemTotal:       16310532 kB
Checking: caritoux
MemTotal:       16310532 kB
Checking: casero
MemTotal:       16310532 kB
Checking: chioccioli
MemTotal:       16310532 kB
Checking: clerici
MemTotal:       16310532 kB
Checking: cobi
MemTotal:       16310532 kB
Checking: contador
MemTotal:       16310532 kB
Checking: coppi
MemTotal:       16310532 kB
Checking: cornet
MemTotal:       16310532 kB
Checking: cunego
MemTotal:       16310532 kB
Checking: defraye
MemTotal:       16310532 kB
Checking: deloor
MemTotal:       16310532 kB
Checking: delpotro
MemTotal:       16310532 kB
Checking: demulder
MemTotal:       16310532 kB
Checking: demuynck
MemTotal:       16310532 kB
Checking: dewaele
MemTotal:       16310532 kB
Checking: diluca
MemTotal:       16310532 kB
Checking: dotto
MemTotal:       16310532 kB
Checking: dumoulin
MemTotal:       16310532 kB
Checking: enrici
MemTotal:       16310532 kB
Checking: evans
MemTotal:       16310532 kB
Checking: faber
MemTotal:       16310532 kB
Checking: fignon
MemTotal:       16310532 kB
Checking: frantz
MemTotal:       16310532 kB
Checking: froome
MemTotal:       16310532 kB
Checking: fuente
MemTotal:       16310532 kB
Checking: gabica
MemTotal:       16310532 kB
Checking: galetti
MemTotal:       16310532 kB
Checking: ganna
MemTotal:       16310532 kB
Checking: garin
MemTotal:       16310532 kB
Checking: garrigou
MemTotal:       16310532 kB
Checking: garzelli
MemTotal:       16310532 kB
Checking: gaul
MemTotal:       16310532 kB
Checking: gimondi
MemTotal:       16310532 kB
Checking: giovannetti
MemTotal:       16310532 kB
Checking: girardengo
MemTotal:       16310532 kB
Checking: gonzalez
MemTotal:       16310532 kB
Checking: gotti
MemTotal:       16310532 kB
Checking: guerra
MemTotal:       16310532 kB
Checking: hampsten
MemTotal:       16310532 kB
Checking: heras
MemTotal:       16310532 kB
Checking: herrera
MemTotal:       16310532 kB
Checking: hesjedal
MemTotal:       16310532 kB
Checking: hinault
MemTotal:       16310532 kB
Checking: horner
MemTotal:       16310532 kB
Checking: indurain
MemTotal:       16310532 kB
Checking: jalabert
MemTotal:       16310532 kB
Checking: janssen
MemTotal:       16310532 kB
Checking: lape
MemTotal:       16310532 kB
Checking: venskab
MemTotal:       16310532 kB
Checking: vilas
MemTotal:       16310532 kB
Checking: breadnel
Checking: doddington
MemTotal:        8047772 kB
Checking: felton
Checking: goose
Checking: haltwhistle
Checking: mendel
Checking: warkworth
Checking: wooler
